MAP
	IMAGETYPE  PNG
	EXTENT     9.0 54.0 26.0 69.0
	SIZE       500 500
	SHAPEPATH  "/mapdata/sweden/"
	IMAGECOLOR 255 255 255

	PROJECTION
         'init=EPSG:4326'
    END

	WEB
		IMAGEPATH '/tmp/'
        IMAGEURL '/tmp/'

        METADATA
          "ows_enable_request"   "*"
          'ows_title'           'sweden'
          "wms_srs" "EPSG:4326"
          "wfs_srs" "EPSG:4326"
          "labelcache_map_edge_buffer" "10"
          "wms_bbox_extended" "true"
        END

    END



	LAYER
		NAME "CONTOUR"
		STATUS DEFAULT
		TYPE LINE
		#CONNECTIONTYPE OGR
		#CONNECTION "/mapdata/sweden/DEPCNT/LINESTRING/DEPCNT.shp"
		#PROCESSING "CLOSE_CONNECTION=DEFER"
		#PROCESSING "LABEL_NO_CLIP=ON"
		#DATA "DEPCNT"
		DATA "/mapdata/sweden/DEPCNT/LINESTRING/DEPCNT.shp"
		#PROJECTION
			#"proj=longlat"
			#"ellps=WGS84"
			#"datum=WGS84"
			#"no_defs"
		#END

		CLASSITEM VALDCO
		LABELITEM VALDCO

		CLASS
			EXPRESSION ([VALDCO] < 5)
			STYLE
				COLOR 115 182 239
				OUTLINECOLOR 115 182 239
			END
			LABEL
				TEXT ([VALDCO])
				TYPE TRUETYPE
				COLOR 50 50 50
				SIZE 10
				ANTIALIAS TRUE
				FORCE TRUE
				STYLE
					GEOMTRANSFORM 'labelpoly'
					COLOR 115 182 239
				END
			END
		END

		CLASS
			EXPRESSION ([VALDCO] >= 5 && [VALDCO] < 10)
			STYLE
				COLOR 156 198 247
				OUTLINECOLOR 156 198 247
			END
			LABEL
				TEXT ([VALDCO])
				TYPE TRUETYPE
				COLOR 50 50 50 
				SIZE 10
				ANTIALIAS TRUE
				FORCE TRUE
				STYLE
					GEOMTRANSFORM 'labelpoly'
					COLOR 156 198 247
				END
			END
		END

		CLASS
			EXPRESSION ([VALDCO] >= 10)
			STYLE
				COLOR 214 235 239
				OUTLINECOLOR 214 235 239
			END
			LABEL
				TEXT ([VALDCO])
				TYPE TRUETYPE
				COLOR 50 50 50
				SIZE 10
				ANTIALIAS TRUE
				FORCE TRUE
				STYLE
					GEOMTRANSFORM 'labelpoly'
					COLOR 214 235 239
				END
			END
		END

	END #end layer
END #end map
